[tnb3000.github.io/cion-site/dist/blog.html]
[backblue.gif]
[fade.gif]
[index.html]
[tnb3000.github.io/cion-site/dist/assets/img/molly-johnson.jpg]
[tnb3000.github.io/cion-site/dist/assets/img/molly-johnson-blog.jpg]
[tnb3000.github.io/cion-site/dist/js/site.min.js]
[tnb3000.github.io/cion-site/dist/assets/img/casper-skulls.jpg]
[tnb3000.github.io/cion-site/dist/assets/img/tea-with-lincoln.jpg]
[tnb3000.github.io/cion-site/dist/assets/img/blog-grid1.jpg]
[tnb3000.github.io/cion-site/dist/assets/img/blog-grid2.jpg]
[tnb3000.github.io/cion-site/dist/assets/img/blog-grid3.jpg]
[tnb3000.github.io/cion-site/dist/assets/img/blog-grid4.jpg]
[tnb3000.github.io/cion-site/dist/assets/img/blog-grid5.jpg]
[tnb3000.github.io/cion-site/dist/assets/img/blog-grid6.jpg]
[tnb3000.github.io/cion-site/dist/assets/img/blog-grid7.jpg]
[tnb3000.github.io/cion-site/dist/assets/img/blog-grid8.jpg]
[tnb3000.github.io/cion-site/dist/blog.html]
[tnb3000.github.io/cion-site/dist/css/main.css]
[tnb3000.github.io/cion-site/dist/assets/img/logo-factor.png]
[tnb3000.github.io/cion-site/dist/assets/img/logo-fednor.png]
[tnb3000.github.io/cion-site/dist/assets/img/icon-clipboard.svg]
[tnb3000.github.io/cion-site/dist/assets/img/logo-canada.png]
[tnb3000.github.io/cion-site/dist/assets/svg/sprite.svg]
[tnb3000.github.io/cion-site/dist/assets/img/logo-greater-sudbury.png]
[tnb3000.github.io/cion-site/dist/assets/img/logo-sudbury.png]
[tnb3000.github.io/cion-site/dist/assets/img/logo-oac.png]
[tnb3000.github.io/cion-site/dist/assets/img/logo-nohfc.png]
[tnb3000.github.io/cion-site/dist/assets/img/logo-ontario-creates.png]
[tnb3000.github.io/cion-site/dist/assets/img/logo-canada-sponsor.png]
[tnb3000.github.io/cion-site/dist/assets/img/crew.jpg]
[tnb3000.github.io/cion-site/dist/assets/img/filming.jpg]
[tnb3000.github.io/cion-site/dist/assets/img/highway.jpg]
[tnb3000.github.io/cion-site/dist/assets/img/bg-crewdatabase.jpg]
[tnb3000.github.io/cion-site/dist/assets/img/bg-forest.jpg]
[tnb3000.github.io/cion-site/dist/assets/img/bg-musicians.jpg]
[tnb3000.github.io/cion-site/dist/assets/img/bg-northern-music.jpg]
[tnb3000.github.io/cion-site/dist/assets/img/studio.jpg]
